Godot Engine v4.6.stable.mono.official.89cea1439 - https://godotengine.org

ERROR: .NET Sdk not found. The required version is '10.0.12'.
   at: void GodotTools.GodotSharpEditor._EnablePlugin() (/root/godot/modules/mono/editor/GodotTools/GodotTools/GodotSharpEditor.cs:484)
   C# backtrace (most recent call first):
       [0] void Godot.GD.PushError(string) (/root/godot/modules/mono/glue/GodotSharp/GodotSharp/Core/GD.cs:366)
       [1] void GodotTools.GodotSharpEditor._EnablePlugin() (/root/godot/modules/mono/editor/GodotTools/GodotTools/GodotSharpEditor.cs:484)
       [2] bool Godot.EditorPlugin.InvokeGodotClassMethod(Godot.NativeInterop.godot_string_name&, Godot.NativeInterop.NativeVariantPtrArgs, Godot.NativeInterop.godot_variant&) (/root/godot/modules/mono/glue/GodotSharp/GodotSharpEditor/Generated/GodotObjects/EditorPlugin.cs:1444)
       [3] bool GodotTools.GodotSharpEditor.InvokeGodotClassMethod(Godot.NativeInterop.godot_string_name&, Godot.NativeInterop.NativeVariantPtrArgs, Godot.NativeInterop.godot_variant&) (/root/godot/modules/mono/editor/GodotTools/GodotTools/Godot.SourceGenerators/Godot.SourceGenerators.ScriptMethodsGenerator/GodotTools.GodotSharpEditor_ScriptMethods.generated.cs:210)
       [4] Godot.NativeInterop.godot_bool Godot.Bridge.CSharpInstanceBridge.Call(nint, Godot.NativeInterop.godot_string_name*, Godot.NativeInterop.godot_variant**, int, Godot.NativeInterop.godot_variant_call_error*, Godot.NativeInterop.godot_variant*) (/root/godot/modules/mono/glue/GodotSharp/GodotSharp/Core/Bridge/CSharpInstanceBridge.cs:24)
ERROR: System.IO.FileNotFoundException: Could not load file or assembly 'Microsoft.Build, Version=15.1.0.0, Culture=neutral, PublicKeyToken=b03f5f7f11d50a3a'. The system cannot find the file specified.

File name: 'Microsoft.Build, Version=15.1.0.0, Culture=neutral, PublicKeyToken=b03f5f7f11d50a3a'
   at GodotTools.ProjectEditor.ProjectUtils.Open(String path) in /root/godot/modules/mono/editor/GodotTools/GodotTools.ProjectEditor/ProjectUtils.cs:line 56
   at GodotTools.GodotSharpEditor.ApplyNecessaryChangesToSolution() in /root/godot/modules/mono/editor/GodotTools/GodotTools/GodotSharpEditor.cs:line 440
   at: void GodotTools.GodotSharpEditor.ApplyNecessaryChangesToSolution() (/root/godot/modules/mono/editor/GodotTools/GodotTools/GodotSharpEditor.cs:440)
   C# backtrace (most recent call first):
       [0] void Godot.GD.PushError(string) (/root/godot/modules/mono/glue/GodotSharp/GodotSharp/Core/GD.cs:366)
       [1] void GodotTools.GodotSharpEditor.ApplyNecessaryChangesToSolution() (/root/godot/modules/mono/editor/GodotTools/GodotTools/GodotSharpEditor.cs:440)
       [2] void GodotTools.GodotSharpEditor._EnablePlugin() (/root/godot/modules/mono/editor/GodotTools/GodotTools/GodotSharpEditor.cs:538)
       [3] bool Godot.EditorPlugin.InvokeGodotClassMethod(Godot.NativeInterop.godot_string_name&, Godot.NativeInterop.NativeVariantPtrArgs, Godot.NativeInterop.godot_variant&) (/root/godot/modules/mono/glue/GodotSharp/GodotSharpEditor/Generated/GodotObjects/EditorPlugin.cs:1444)
       [4] bool GodotTools.GodotSharpEditor.InvokeGodotClassMethod(Godot.NativeInterop.godot_string_name&, Godot.NativeInterop.NativeVariantPtrArgs, Godot.NativeInterop.godot_variant&) (/root/godot/modules/mono/editor/GodotTools/GodotTools/Godot.SourceGenerators/Godot.SourceGenerators.ScriptMethodsGenerator/GodotTools.GodotSharpEditor_ScriptMethods.generated.cs:210)
       [5] Godot.NativeInterop.godot_bool Godot.Bridge.CSharpInstanceBridge.Call(nint, Godot.NativeInterop.godot_string_name*, Godot.NativeInterop.godot_variant**, int, Godot.NativeInterop.godot_variant_call_error*, Godot.NativeInterop.godot_variant*) (/root/godot/modules/mono/glue/GodotSharp/GodotSharp/Core/Bridge/CSharpInstanceBridge.cs:24)
[   0% ] [90m[1mfirst_scan_filesystem[22m | Started Project initialization (5 steps)[39m[0m
[   0% ] [90m[1mfirst_scan_filesystem[22m | Scanning file structure...[39m[0m
[  16% ] [90m[1mfirst_scan_filesystem[22m | Loading global class names...[39m[0m
[  33% ] [90m[1mfirst_scan_filesystem[22m | Verifying GDExtensions...[39m[0m
[  50% ] [90m[1mfirst_scan_filesystem[22m | Creating autoload scripts...[39m[0m
[  66% ] [90m[1mfirst_scan_filesystem[22m | Initializing plugins...[39m[0m
[  83% ] [90m[1mfirst_scan_filesystem[22m | Starting file scan...[39m[0m
[92m[ DONE ][39m [1mfirst_scan_filesystem[22m
[0m
[   0% ] [90m[1mupdate_scripts_classes[22m | Started Registering global classes... (8 steps)[39m[0m
[   0% ] [90m[1mupdate_scripts_classes[22m | [39m[0m
[  11% ] [90m[1mupdate_scripts_classes[22m | [39m[0m
[  22% ] [90m[1mupdate_scripts_classes[22m | [39m[0m
[  33% ] [90m[1mupdate_scripts_classes[22m | [39m[0m
[  44% ] [90m[1mupdate_scripts_classes[22m | [39m[0m
[  55% ] [90m[1mupdate_scripts_classes[22m | [39m[0m
[  66% ] [90m[1mupdate_scripts_classes[22m | [39m[0m
[  77% ] [90m[1mupdate_scripts_classes[22m | [39m[0m
[92m[ DONE ][39m [1mupdate_scripts_classes[22m
[0m
[   0% ] [90m[1mloading_editor_layout[22m | Started Loading editor (5 steps)[39m[0m
[   0% ] [90m[1mloading_editor_layout[22m | Loading editor layout...[39m[0m
[  16% ] [90m[1mloading_editor_layout[22m | Loading docks...[39m[0m
[92m[ DONE ][39m [1mloading_editor_layout[22m
[0m
